
> fincal@0.1.0 dev
> next dev

⚠ Warning: Next.js inferred your workspace root, but it may not be correct.
 We detected multiple lockfiles and selected the directory of /home/arpit/Documents/fincal_old/package-lock.json as the root directory.
 To silence this warning, set `turbopack.root` in your Next.js config, or consider removing one of the lockfiles if it's not needed.
   See https://nextjs.org/docs/app/api-reference/config/next-config-js/turbopack#root-directory for more information.
 Detected additional lockfiles: 
   * /home/arpit/Documents/fincal_old/fincal/package-lock.json

▲ Next.js 16.1.6 (Turbopack)
- Local:         http://localhost:3000
- Network:       http://10.212.102.36:3000
- Environments: .env

✓ Starting...
⚠ The "middleware" file convention is deprecated. Please use "proxy" instead. Learn more: https://nextjs.org/docs/messages/middleware-to-proxy
✓ Ready in 438ms
[DEBUG-REC-API] Step 1: POST /api/recommendations/generate called
[DEBUG-REC-API] Step 2: Request body received: { goalId: 'eaf21551-6e7b-453f-a426-9abfdac10b65' }
[DEBUG-REC-API] Step 3: Parsed goalId: eaf21551-6e7b-453f-a426-9abfdac10b65
[2026-07-30T05:46:22.729Z] INFO: Successfully connected to Redis infrastructure 
[DEBUG-REC-API] Step 4: Using debug user: SdvF2ZxzoqyOt2msWcnoIt1jiKg5SDBA
[DEBUG-REC-SVC] Step 5: generateRecommendations called for user=SdvF2ZxzoqyOt2msWcnoIt1jiKg5SDBA, goal=eaf21551-6e7b-453f-a426-9abfdac10b65, forceRefresh=true
[DEBUG-REC-SVC] Step 6: Fetching Goal...
[DEBUG-REC-SVC] Goal fetched: {
  id: 'eaf21551-6e7b-453f-a426-9abfdac10b65',
  userId: 'SdvF2ZxzoqyOt2msWcnoIt1jiKg5SDBA',
  name: 'Wealth Creation Goal',
  type: 'Wealth Creation',
  targetAmount: 999995,
  currentAmount: 0,
  targetDate: 2035-12-31T18:30:00.000Z,
  monthlySip: 50000,
  priority: 'HIGH',
  healthScore: 'GOOD',
  status: 'ACTIVE',
  successProbability: null,
  recommendedCategory: null,
  createdAt: 2026-07-29T19:42:28.081Z,
  updatedAt: 2026-07-29T19:42:28.081Z
}
[DEBUG-REC-SVC] Step 7: Fetching Profile...
[DEBUG-REC-API] Exception caught: 
Invalid `prisma.investorProfile.findUnique()` invocation in
/home/arpit/Documents/fincal_old/fincal/.next/dev/server/chunks/[root-of-the-server]__a99a09d7._.js:249:39

  246 const prisma = new __TURBOPACK__imported__module__$5b$externals$5d2f40$prisma$2f$client__$5b$external$5d$__$2840$prisma$2f$client$2c$__cjs$2c$__$5b$project$5d2f$fincal$2f$node_modules$2f40$prisma$2f$client$29$__["PrismaClient"]();
  247 class InvestorProfileRepository {
  248     async getByUserId(userId) {
→ 249         return prisma.investorProfile.findUnique(
Can't reach database server at `ep-floral-breeze-aypyy49w-pooler.c-5.us-east-2.aws.neon.tech:5432`

Please make sure your database server is running at `ep-floral-breeze-aypyy49w-pooler.c-5.us-east-2.aws.neon.tech:5432`. PrismaClientInitializationError: 
Invalid `prisma.investorProfile.findUnique()` invocation in
/home/arpit/Documents/fincal_old/fincal/.next/dev/server/chunks/[root-of-the-server]__a99a09d7._.js:249:39

  246 const prisma = new __TURBOPACK__imported__module__$5b$externals$5d2f40$prisma$2f$client__$5b$external$5d$__$2840$prisma$2f$client$2c$__cjs$2c$__$5b$project$5d2f$fincal$2f$node_modules$2f40$prisma$2f$client$29$__["PrismaClient"]();
  247 class InvestorProfileRepository {
  248     async getByUserId(userId) {
→ 249         return prisma.investorProfile.findUnique(
Can't reach database server at `ep-floral-breeze-aypyy49w-pooler.c-5.us-east-2.aws.neon.tech:5432`

Please make sure your database server is running at `ep-floral-breeze-aypyy49w-pooler.c-5.us-east-2.aws.neon.tech:5432`.
    at $n.handleRequestError (/home/arpit/Documents/fincal_old/fincal/node_modules/@prisma/client/runtime/library.js:121:7615)
    at $n.handleAndLogRequestError (/home/arpit/Documents/fincal_old/fincal/node_modules/@prisma/client/runtime/library.js:121:6623)
    at $n.request (/home/arpit/Documents/fincal_old/fincal/node_modules/@prisma/client/runtime/library.js:121:6307)
    at async l (/home/arpit/Documents/fincal_old/fincal/node_modules/@prisma/client/runtime/library.js:130:9633)
    at async RecommendationService.generateRecommendations (/home/arpit/Documents/fincal_old/fincal/.next/dev/server/chunks/[root-of-the-server]__a99a09d7._.js:618:25)
    at async POST (/home/arpit/Documents/fincal_old/fincal/.next/dev/server/chunks/[root-of-the-server]__a99a09d7._.js:674:33)
    at async AppRouteRouteModule.do (/home/arpit/Documents/fincal_old/fincal/node_modules/next/dist/compiled/next-server/app-route-turbo.runtime.dev.js:5:37866)
    at async AppRouteRouteModule.handle (/home/arpit/Documents/fincal_old/fincal/node_modules/next/dist/compiled/next-server/app-route-turbo.runtime.dev.js:5:45156)
    at async responseGenerator (/home/arpit/Documents/fincal_old/fincal/.next/dev/server/chunks/53100_next_47568348._.js:15344:38)
    at async AppRouteRouteModule.handleResponse (/home/arpit/Documents/fincal_old/fincal/node_modules/next/dist/compiled/next-server/app-route-turbo.runtime.dev.js:1:191938)
    at async handleResponse (/home/arpit/Documents/fincal_old/fincal/.next/dev/server/chunks/53100_next_47568348._.js:15407:32)
    at async Module.handler (/home/arpit/Documents/fincal_old/fincal/.next/dev/server/chunks/53100_next_47568348._.js:15460:13)
    at async DevServer.renderToResponseWithComponentsImpl (/home/arpit/Documents/fincal_old/fincal/node_modules/next/dist/server/base-server.js:1442:9)
    at async DevServer.renderPageComponent (/home/arpit/Documents/fincal_old/fincal/node_modules/next/dist/server/base-server.js:1494:24)
    at async DevServer.renderToResponseImpl (/home/arpit/Documents/fincal_old/fincal/node_modules/next/dist/server/base-server.js:1544:32)
    at async DevServer.pipeImpl (/home/arpit/Documents/fincal_old/fincal/node_modules/next/dist/server/base-server.js:1038:25)
    at async NextNodeServer.handleCatchallRenderRequest (/home/arpit/Documents/fincal_old/fincal/node_modules/next/dist/server/next-server.js:395:17)
    at async DevServer.handleRequestImpl (/home/arpit/Documents/fincal_old/fincal/node_modules/next/dist/server/base-server.js:929:17)
    at async /home/arpit/Documents/fincal_old/fincal/node_modules/next/dist/server/dev/next-dev-server.js:387:20
    at async Span.traceAsyncFn (/home/arpit/Documents/fincal_old/fincal/node_modules/next/dist/trace/trace.js:157:20)
    at async DevServer.handleRequest (/home/arpit/Documents/fincal_old/fincal/node_modules/next/dist/server/dev/next-dev-server.js:383:24)
    at async invokeRender (/home/arpit/Documents/fincal_old/fincal/node_modules/next/dist/server/lib/router-server.js:248:21)
    at async handleRequest (/home/arpit/Documents/fincal_old/fincal/node_modules/next/dist/server/lib/router-server.js:447:24)
    at async requestHandlerImpl (/home/arpit/Documents/fincal_old/fincal/node_modules/next/dist/server/lib/router-server.js:496:13)
    at async Server.requestListener (/home/arpit/Documents/fincal_old/fincal/node_modules/next/dist/server/lib/start-server.js:226:13)
 POST /api/recommendations/generate 500 in 19.4s (compile: 431ms, proxy.ts: 59ms, render: 19.0s)
