src/__tests__/api/ai.test.ts(16,7): error TS2739: Type '{ id: string; }' is missing the following properties from type '{ id: string; createdAt: Date; updatedAt: Date; email: string; emailVerified: boolean; name: string; image?: string | null | undefined; }': createdAt, updatedAt, email, emailVerified, name
src/__tests__/api/ai.test.ts(17,7): error TS2741: Property 'token' is missing in type '{ id: string; userId: string; expiresAt: Date; ipAddress: string; userAgent: string; createdAt: Date; updatedAt: Date; }' but required in type '{ id: string; createdAt: Date; updatedAt: Date; userId: string; expiresAt: Date; token: string; ipAddress?: string | null | undefined; userAgent?: string | null | undefined; }'.
src/__tests__/api/ai.test.ts(20,61): error TS2345: Argument of type '{ id: string; userId: string; age: number; annualIncome: number; riskAppetite: string; createdAt: Date; updatedAt: Date; }' is not assignable to parameter of type '{ id: string; createdAt: Date; updatedAt: Date; userId: string; age: number; currentCapital: number; monthlyInvestmentCap: number; existingSip: number; existingLumpsum: number; emergencyFund: number; ... 7 more ...; investmentStyle: string; }'.
  Type '{ id: string; userId: string; age: number; annualIncome: number; riskAppetite: string; createdAt: Date; updatedAt: Date; }' is missing the following properties from type '{ id: string; createdAt: Date; updatedAt: Date; userId: string; age: number; currentCapital: number; monthlyInvestmentCap: number; existingSip: number; existingLumpsum: number; emergencyFund: number; ... 7 more ...; investmentStyle: string; }': currentCapital, monthlyInvestmentCap, existingSip, existingLumpsum, and 7 more.
src/__tests__/api/ai.test.ts(33,30): error TS2353: Object literal may only specify known properties, and 'updatedAt' does not exist in type '{ id: string; createdAt: Date; userId: string; topic: string; insight: JsonValue; }'.
src/__tests__/api/ai.test.ts(45,7): error TS2739: Type '{ id: string; }' is missing the following properties from type '{ id: string; createdAt: Date; updatedAt: Date; email: string; emailVerified: boolean; name: string; image?: string | null | undefined; }': createdAt, updatedAt, email, emailVerified, name
src/__tests__/api/ai.test.ts(46,7): error TS2741: Property 'token' is missing in type '{ id: string; userId: string; expiresAt: Date; ipAddress: string; userAgent: string; createdAt: Date; updatedAt: Date; }' but required in type '{ id: string; createdAt: Date; updatedAt: Date; userId: string; expiresAt: Date; token: string; ipAddress?: string | null | undefined; userAgent?: string | null | undefined; }'.
src/__tests__/api/ai.test.ts(50,139): error TS2353: Object literal may only specify known properties, and 'updatedAt' does not exist in type '{ id: string; createdAt: Date; userId: string; topic: string; insight: JsonValue; }'.
src/__tests__/api/dashboard.test.ts(17,7): error TS2739: Type '{ id: string; }' is missing the following properties from type '{ id: string; createdAt: Date; updatedAt: Date; email: string; emailVerified: boolean; name: string; image?: string | null | undefined; }': createdAt, updatedAt, email, emailVerified, name
src/__tests__/api/dashboard.test.ts(18,7): error TS2741: Property 'token' is missing in type '{ id: string; userId: string; expiresAt: Date; ipAddress: string; userAgent: string; createdAt: Date; updatedAt: Date; }' but required in type '{ id: string; createdAt: Date; updatedAt: Date; userId: string; expiresAt: Date; token: string; ipAddress?: string | null | undefined; userAgent?: string | null | undefined; }'.
src/__tests__/api/funds.test.ts(11,7): error TS2739: Type '{ id: string; }' is missing the following properties from type '{ id: string; createdAt: Date; updatedAt: Date; email: string; emailVerified: boolean; name: string; image?: string | null | undefined; }': createdAt, updatedAt, email, emailVerified, name
src/__tests__/api/funds.test.ts(12,7): error TS2741: Property 'token' is missing in type '{ id: string; userId: string; expiresAt: Date; ipAddress: string; userAgent: string; createdAt: Date; updatedAt: Date; }' but required in type '{ id: string; createdAt: Date; updatedAt: Date; userId: string; expiresAt: Date; token: string; ipAddress?: string | null | undefined; userAgent?: string | null | undefined; }'.
src/__tests__/api/funds.test.ts(16,75): error TS2353: Object literal may only specify known properties, and 'riskLevel' does not exist in type '{ id: string; isin: string; name: string; category: string; schemeType: string | null; amcId: string; schemeCode: string | null; expenseRatio: number | null; aumCr: number | null; launchDate: Date | null; ... 4 more ...; exitLoad: string | null; }'.
src/__tests__/api/funds.test.ts(29,7): error TS2739: Type '{ id: string; }' is missing the following properties from type '{ id: string; createdAt: Date; updatedAt: Date; email: string; emailVerified: boolean; name: string; image?: string | null | undefined; }': createdAt, updatedAt, email, emailVerified, name
src/__tests__/api/funds.test.ts(30,7): error TS2741: Property 'token' is missing in type '{ id: string; userId: string; expiresAt: Date; ipAddress: string; userAgent: string; createdAt: Date; updatedAt: Date; }' but required in type '{ id: string; createdAt: Date; updatedAt: Date; userId: string; expiresAt: Date; token: string; ipAddress?: string | null | undefined; userAgent?: string | null | undefined; }'.
src/__tests__/api/funds.test.ts(34,73): error TS2353: Object literal may only specify known properties, and 'riskLevel' does not exist in type '{ id: string; isin: string; name: string; category: string; schemeType: string | null; amcId: string; schemeCode: string | null; expenseRatio: number | null; aumCr: number | null; launchDate: Date | null; ... 4 more ...; exitLoad: string | null; }'.
src/__tests__/api/goals.id.test.ts(12,7): error TS2739: Type '{ id: string; }' is missing the following properties from type '{ id: string; createdAt: Date; updatedAt: Date; email: string; emailVerified: boolean; name: string; image?: string | null | undefined; }': createdAt, updatedAt, email, emailVerified, name
src/__tests__/api/goals.id.test.ts(13,7): error TS2741: Property 'token' is missing in type '{ id: string; userId: string; expiresAt: Date; ipAddress: string; userAgent: string; createdAt: Date; updatedAt: Date; }' but required in type '{ id: string; createdAt: Date; updatedAt: Date; userId: string; expiresAt: Date; token: string; ipAddress?: string | null | undefined; userAgent?: string | null | undefined; }'.
src/__tests__/api/goals.id.test.ts(29,7): error TS2739: Type '{ id: string; }' is missing the following properties from type '{ id: string; createdAt: Date; updatedAt: Date; email: string; emailVerified: boolean; name: string; image?: string | null | undefined; }': createdAt, updatedAt, email, emailVerified, name
src/__tests__/api/goals.id.test.ts(30,7): error TS2741: Property 'token' is missing in type '{ id: string; userId: string; expiresAt: Date; ipAddress: string; userAgent: string; createdAt: Date; updatedAt: Date; }' but required in type '{ id: string; createdAt: Date; updatedAt: Date; userId: string; expiresAt: Date; token: string; ipAddress?: string | null | undefined; userAgent?: string | null | undefined; }'.
src/__tests__/api/goals.id.test.ts(47,7): error TS2739: Type '{ id: string; }' is missing the following properties from type '{ id: string; createdAt: Date; updatedAt: Date; email: string; emailVerified: boolean; name: string; image?: string | null | undefined; }': createdAt, updatedAt, email, emailVerified, name
src/__tests__/api/goals.id.test.ts(48,7): error TS2741: Property 'token' is missing in type '{ id: string; userId: string; expiresAt: Date; ipAddress: string; userAgent: string; createdAt: Date; updatedAt: Date; }' but required in type '{ id: string; createdAt: Date; updatedAt: Date; userId: string; expiresAt: Date; token: string; ipAddress?: string | null | undefined; userAgent?: string | null | undefined; }'.
src/__tests__/api/goals.test.ts(10,7): error TS2739: Type '{ id: string; }' is missing the following properties from type '{ id: string; createdAt: Date; updatedAt: Date; email: string; emailVerified: boolean; name: string; image?: string | null | undefined; }': createdAt, updatedAt, email, emailVerified, name
src/__tests__/api/goals.test.ts(11,7): error TS2741: Property 'token' is missing in type '{ id: string; userId: string; expiresAt: Date; ipAddress: string; userAgent: string; createdAt: Date; updatedAt: Date; }' but required in type '{ id: string; createdAt: Date; updatedAt: Date; userId: string; expiresAt: Date; token: string; ipAddress?: string | null | undefined; userAgent?: string | null | undefined; }'.
src/__tests__/api/goals.test.ts(15,96): error TS2353: Object literal may only specify known properties, and 'category' does not exist in type '{ name: string; id: string; createdAt: Date; updatedAt: Date; userId: string; type: string | null; targetAmount: number; currentAmount: number; targetDate: Date; monthlySip: number; ... 4 more ...; recommendedCategory: string | null; }'.
src/__tests__/api/goals.test.ts(28,7): error TS2739: Type '{ id: string; }' is missing the following properties from type '{ id: string; createdAt: Date; updatedAt: Date; email: string; emailVerified: boolean; name: string; image?: string | null | undefined; }': createdAt, updatedAt, email, emailVerified, name
src/__tests__/api/goals.test.ts(29,7): error TS2741: Property 'token' is missing in type '{ id: string; userId: string; expiresAt: Date; ipAddress: string; userAgent: string; createdAt: Date; updatedAt: Date; }' but required in type '{ id: string; createdAt: Date; updatedAt: Date; userId: string; expiresAt: Date; token: string; ipAddress?: string | null | undefined; userAgent?: string | null | undefined; }'.
src/__tests__/api/goals.test.ts(33,46): error TS2345: Argument of type '{ id: string; userId: string; name: string; targetAmount: number; currentAmount: number; category: string; targetDate: Date; createdAt: Date; updatedAt: Date; }' is not assignable to parameter of type '{ name: string; id: string; createdAt: Date; updatedAt: Date; userId: string; type: string | null; targetAmount: number; currentAmount: number; targetDate: Date; monthlySip: number; ... 4 more ...; recommendedCategory: string | null; }'.
  Type '{ id: string; userId: string; name: string; targetAmount: number; currentAmount: number; category: string; targetDate: Date; createdAt: Date; updatedAt: Date; }' is missing the following properties from type '{ name: string; id: string; createdAt: Date; updatedAt: Date; userId: string; type: string | null; targetAmount: number; currentAmount: number; targetDate: Date; monthlySip: number; ... 4 more ...; recommendedCategory: string | null; }': type, monthlySip, priority, healthScore, and 3 more.
src/__tests__/api/market-data.test.ts(32,107): error TS2353: Object literal may only specify known properties, and 'createdAt' does not exist in type '{ name: string; id: string; }'.
src/__tests__/api/market-data.test.ts(37,7): error TS2353: Object literal may only specify known properties, and 'riskLevel' does not exist in type '{ name: string; id: string; isin: string; category: string; schemeType: string | null; amcId: string; schemeCode: string | null; expenseRatio: number | null; aumCr: number | null; launchDate: Date | null; ... 4 more ...; exitLoad: string | null; }'.
src/__tests__/api/market-data.test.ts(41,16): error TS2339: Property 'fundNavHistory' does not exist on type 'DeepMockProxy<PrismaClient<PrismaClientOptions, never, DefaultArgs>>'.
src/__tests__/api/portfolio.test.ts(10,7): error TS2739: Type '{ id: string; }' is missing the following properties from type '{ id: string; createdAt: Date; updatedAt: Date; email: string; emailVerified: boolean; name: string; image?: string | null | undefined; }': createdAt, updatedAt, email, emailVerified, name
src/__tests__/api/portfolio.test.ts(11,7): error TS2741: Property 'token' is missing in type '{ id: string; userId: string; expiresAt: Date; ipAddress: string; userAgent: string; createdAt: Date; updatedAt: Date; }' but required in type '{ id: string; createdAt: Date; updatedAt: Date; userId: string; expiresAt: Date; token: string; ipAddress?: string | null | undefined; userAgent?: string | null | undefined; }'.
src/__tests__/api/portfolio.test.ts(28,7): error TS2739: Type '{ id: string; }' is missing the following properties from type '{ id: string; createdAt: Date; updatedAt: Date; email: string; emailVerified: boolean; name: string; image?: string | null | undefined; }': createdAt, updatedAt, email, emailVerified, name
src/__tests__/api/portfolio.test.ts(29,7): error TS2741: Property 'token' is missing in type '{ id: string; userId: string; expiresAt: Date; ipAddress: string; userAgent: string; createdAt: Date; updatedAt: Date; }' but required in type '{ id: string; createdAt: Date; updatedAt: Date; userId: string; expiresAt: Date; token: string; ipAddress?: string | null | undefined; userAgent?: string | null | undefined; }'.
src/__tests__/api/portfolio.test.ts(49,7): error TS2739: Type '{ id: string; }' is missing the following properties from type '{ id: string; createdAt: Date; updatedAt: Date; email: string; emailVerified: boolean; name: string; image?: string | null | undefined; }': createdAt, updatedAt, email, emailVerified, name
src/__tests__/api/portfolio.test.ts(50,7): error TS2741: Property 'token' is missing in type '{ id: string; userId: string; expiresAt: Date; ipAddress: string; userAgent: string; createdAt: Date; updatedAt: Date; }' but required in type '{ id: string; createdAt: Date; updatedAt: Date; userId: string; expiresAt: Date; token: string; ipAddress?: string | null | undefined; userAgent?: string | null | undefined; }'.
src/__tests__/api/recommendations.test.ts(10,7): error TS2739: Type '{ id: string; }' is missing the following properties from type '{ id: string; createdAt: Date; updatedAt: Date; email: string; emailVerified: boolean; name: string; image?: string | null | undefined; }': createdAt, updatedAt, email, emailVerified, name
src/__tests__/api/recommendations.test.ts(11,7): error TS2741: Property 'token' is missing in type '{ id: string; userId: string; expiresAt: Date; ipAddress: string; userAgent: string; createdAt: Date; updatedAt: Date; }' but required in type '{ id: string; createdAt: Date; updatedAt: Date; userId: string; expiresAt: Date; token: string; ipAddress?: string | null | undefined; userAgent?: string | null | undefined; }'.
src/__tests__/setup.ts(30,1): error TS2593: Cannot find name 'beforeEach'. Do you need to install type definitions for a test runner? Try `npm i --save-dev @types/jest` or `npm i --save-dev @types/mocha` and then add 'jest' or 'mocha' to the types field in your tsconfig.
src/market-data/services/AmfiImporterService.ts(67,33): error TS2532: Object is possibly 'undefined'.
src/market-data/services/AmfiImporterService.ts(68,31): error TS2532: Object is possibly 'undefined'.
src/redis/__tests__/redis.test.ts(7,1): error TS2708: Cannot use namespace 'jest' as a value.
src/redis/__tests__/redis.test.ts(9,10): error TS2708: Cannot use namespace 'jest' as a value.
src/redis/__tests__/redis.test.ts(10,12): error TS2708: Cannot use namespace 'jest' as a value.
src/redis/__tests__/redis.test.ts(11,15): error TS2708: Cannot use namespace 'jest' as a value.
src/redis/__tests__/redis.test.ts(12,25): error TS2708: Cannot use namespace 'jest' as a value.
src/redis/__tests__/redis.test.ts(13,14): error TS2708: Cannot use namespace 'jest' as a value.
src/redis/__tests__/redis.test.ts(14,13): error TS2708: Cannot use namespace 'jest' as a value.
src/redis/__tests__/redis.test.ts(15,15): error TS2708: Cannot use namespace 'jest' as a value.
src/redis/__tests__/redis.test.ts(16,13): error TS2708: Cannot use namespace 'jest' as a value.
src/redis/__tests__/redis.test.ts(21,1): error TS2593: Cannot find name 'describe'. Do you need to install type definitions for a test runner? Try `npm i --save-dev @types/jest` or `npm i --save-dev @types/mocha` and then add 'jest' or 'mocha' to the types field in your tsconfig.
src/redis/__tests__/redis.test.ts(22,3): error TS2593: Cannot find name 'describe'. Do you need to install type definitions for a test runner? Try `npm i --save-dev @types/jest` or `npm i --save-dev @types/mocha` and then add 'jest' or 'mocha' to the types field in your tsconfig.
src/redis/__tests__/redis.test.ts(23,5): error TS2593: Cannot find name 'it'. Do you need to install type definitions for a test runner? Try `npm i --save-dev @types/jest` or `npm i --save-dev @types/mocha` and then add 'jest' or 'mocha' to the types field in your tsconfig.
src/redis/__tests__/redis.test.ts(25,26): error TS2694: Namespace 'global.jest' has no exported member 'Mock'.
src/redis/__tests__/redis.test.ts(30,7): error TS2304: Cannot find name 'expect'.
src/redis/__tests__/redis.test.ts(35,3): error TS2593: Cannot find name 'describe'. Do you need to install type definitions for a test runner? Try `npm i --save-dev @types/jest` or `npm i --save-dev @types/mocha` and then add 'jest' or 'mocha' to the types field in your tsconfig.
src/redis/__tests__/redis.test.ts(36,5): error TS2593: Cannot find name 'it'. Do you need to install type definitions for a test runner? Try `npm i --save-dev @types/jest` or `npm i --save-dev @types/mocha` and then add 'jest' or 'mocha' to the types field in your tsconfig.
src/redis/__tests__/redis.test.ts(37,31): error TS2694: Namespace 'global.jest' has no exported member 'Mock'.
src/redis/__tests__/redis.test.ts(44,7): error TS2304: Cannot find name 'expect'.
